// Jest Snapshot v1, https://goo.gl/fbAQLP

exports[`should render expense list filters correctly 1`] = `undefined`;
